// Jest Snapshot v1, https://goo.gl/fbAQLP

exports[`AutocompleteBAN components renders correctly 1`] = `ReactWrapper {}`;
